21:23:31 **** Incremental Build of configuration Debug for project Blinky ****
make -j4 all 
arm-none-eabi-size   Blinky.elf 
   text	   data	    bss	    dec	    hex	filename
   5936	     20	   1572	   7528	   1d68	Blinky.elf
Finished building: default.size.stdout
 
21:23:42 **** Incremental Build of configuration Debug for project Blinky ****
make -j4 all 
arm-none-eabi-size   Blinky.elf 
   text	   data	    bss	    dec	    hex	filename
   5936	     20	   1572	   7528	   1d68	Blinky.elf
Finished building: default.size.stdout
 
21:24:13 **** Incremental Build of configuration Debug for project Blinky ****
make -j4 all 
arm-none-eabi-size   Blinky.elf 
   text	   data	    bss	    dec	    hex	filename
   5936	     20	   1572	   7528	   1d68	Blinky.elf
Finished building: default.size.stdout
 
21:31:43 **** Incremental Build of configuration Debug for project Blinky ****
make -j4 all 
arm-none-eabi-size   Blinky.elf 
   text	   data	    bss	    dec	    hex	filename
   5936	     20	   1572	   7528	   1d68	Blinky.elf
Finished building: default.size.stdout
 
21:33:20 **** Incremental Build of configuration Debug for project Blinky ****
make -j4 all 
arm-none-eabi-size   Blinky.elf 
   text	   data	    bss	    dec	    hex	filename
   5936	     20	   1572	   7528	   1d68	Blinky.elf
Finished building: default.size.stdout
 
21:54:31 **** Incremental Build of configuration Debug for project Blinky ****
make -j4 all 
arm-none-eabi-size   Blinky.elf 
   text	   data	    bss	    dec	    hex	filename
   5936	     20	   1572	   7528	   1d68	Blinky.elf
Finished building: default.size.stdout
 
21:54:41 **** Incremental Build of configuration Debug for project Blinky ****
make -j4 all 
arm-none-eabi-size   Blinky.elf 
   text	   data	    bss	    dec	    hex	filename
   5936	     20	   1572	   7528	   1d68	Blinky.elf
Finished building: default.size.stdout
 
